// Jest Snapshot v1, https://goo.gl/fbAQLP

exports[`<Book/> should match the snapshot 1`] = `
.c0 {
  margin: 5px;
  width: 18em;
  display: table;
  margin: 0 auto;
}

<div
  class="c0"
  width="sm"
>
  <div
    class="card"
  >
    <img
      class="card-img-top"
      src="book.jpeg"
    />
    <div
      class="card-body"
    >
      <div
        class="card-title h5"
      >
        title
      </div>
      <div
        class="card-subtitle h6"
      >
        year
      </div>
      <p
        class="book--description card-text"
      >
        details
      </p>
    </div>
  </div>
</div>
`;
